// Jest Snapshot v1, https://goo.gl/fbAQLP

exports[`RepositoryPageDetails should match shapshot 1`] = `
<div>
  <main
    class="mx-auto max-w-4xl px-4 py-8 sm:px-6 lg:px-8"
  >
    <div
      class="mb-8"
    >
      <h1
        class="text-4xl font-bold text-white md:text-5xl"
      >
        react-awesome-ui
      </h1>
      <p
        class="mt-4 text-lg text-slate-300"
      >
        A beautiful and responsive React UI component library
      </p>
    </div>
    <div
      class="mb-8 grid grid-cols-2 gap-4 sm:grid-cols-4"
    >
      <div
        class="rounded-lg border border-slate-700 bg-slate-800 p-4"
      >
        <div
          class="flex items-center gap-2"
        >
          <svg
            aria-hidden="true"
            class="lucide lucide-star h-5 w-5 text-yellow-400 fill-yellow-400"
            fill="none"
            height="24"
            stroke="currentColor"
            stroke-linecap="round"
            stroke-linejoin="round"
            stroke-width="2"
            viewBox="0 0 24 24"
            width="24"
            xmlns="http://www.w3.org/2000/svg"
          >
            <path
              d="M11.525 2.295a.53.53 0 0 1 .95 0l2.31 4.679a2.123 2.123 0 0 0 1.595 1.16l5.166.756a.53.53 0 0 1 .294.904l-3.736 3.638a2.123 2.123 0 0 0-.611 1.878l.882 5.14a.53.53 0 0 1-.771.56l-4.618-2.428a2.122 2.122 0 0 0-1.973 0L6.396 21.01a.53.53 0 0 1-.77-.56l.881-5.139a2.122 2.122 0 0 0-.611-1.879L2.16 9.795a.53.53 0 0 1 .294-.906l5.165-.755a2.122 2.122 0 0 0 1.597-1.16z"
            />
          </svg>
          <div>
            <p
              class="text-sm text-slate-400"
            >
              Stars
            </p>
            <p
              class="text-2xl font-bold text-white"
            >
              2,543
            </p>
          </div>
        </div>
      </div>
      <div
        class="rounded-lg border border-slate-700 bg-slate-800 p-4"
      >
        <div
          class="flex items-center gap-2"
        >
          <svg
            aria-hidden="true"
            class="lucide lucide-git-fork h-5 w-5 text-blue-400"
            fill="none"
            height="24"
            stroke="currentColor"
            stroke-linecap="round"
            stroke-linejoin="round"
            stroke-width="2"
            viewBox="0 0 24 24"
            width="24"
            xmlns="http://www.w3.org/2000/svg"
          >
            <circle
              cx="12"
              cy="18"
              r="3"
            />
            <circle
              cx="6"
              cy="6"
              r="3"
            />
            <circle
              cx="18"
              cy="6"
              r="3"
            />
            <path
              d="M18 9v2c0 .6-.4 1-1 1H7c-.6 0-1-.4-1-1V9"
            />
            <path
              d="M12 12v3"
            />
          </svg>
          <div>
            <p
              class="text-sm text-slate-400"
            >
              Forks
            </p>
            <p
              class="text-2xl font-bold text-white"
            >
              342
            </p>
          </div>
        </div>
      </div>
      <div
        class="rounded-lg border border-slate-700 bg-slate-800 p-4"
      >
        <div
          class="flex items-center gap-2"
        >
          <svg
            aria-hidden="true"
            class="lucide lucide-eye h-5 w-5 text-green-400"
            fill="none"
            height="24"
            stroke="currentColor"
            stroke-linecap="round"
            stroke-linejoin="round"
            stroke-width="2"
            viewBox="0 0 24 24"
            width="24"
            xmlns="http://www.w3.org/2000/svg"
          >
            <path
              d="M2.062 12.348a1 1 0 0 1 0-.696 10.75 10.75 0 0 1 19.876 0 1 1 0 0 1 0 .696 10.75 10.75 0 0 1-19.876 0"
            />
            <circle
              cx="12"
              cy="12"
              r="3"
            />
          </svg>
          <div>
            <p
              class="text-sm text-slate-400"
            >
              Watchers
            </p>
            <p
              class="text-2xl font-bold text-white"
            >
              128
            </p>
          </div>
        </div>
      </div>
      <div
        class="rounded-lg border border-slate-700 bg-slate-800 p-4"
      >
        <div
          class="flex items-center gap-2"
        >
          <svg
            aria-hidden="true"
            class="lucide lucide-calendar h-5 w-5 text-purple-400"
            fill="none"
            height="24"
            stroke="currentColor"
            stroke-linecap="round"
            stroke-linejoin="round"
            stroke-width="2"
            viewBox="0 0 24 24"
            width="24"
            xmlns="http://www.w3.org/2000/svg"
          >
            <path
              d="M8 2v4"
            />
            <path
              d="M16 2v4"
            />
            <rect
              height="18"
              rx="2"
              width="18"
              x="3"
              y="4"
            />
            <path
              d="M3 10h18"
            />
          </svg>
          <div>
            <p
              class="text-sm text-slate-400"
            >
              Updated
            </p>
            <p
              class="text-lg font-bold text-white"
            >
              2025-10-15
            </p>
          </div>
        </div>
      </div>
    </div>
    <div
      class="space-y-6"
    >
      <div
        class="rounded-lg border border-slate-700 bg-slate-800 p-6"
      >
        <h2
          class="mb-4 text-xl font-semibold text-white"
        >
          Language
        </h2>
        <div
          class="flex items-center gap-2"
        >
          <div
            class="h-3 w-3 rounded-full bg-blue-500"
          />
          <span
            class="text-slate-300"
          >
            TypeScript
          </span>
        </div>
      </div>
      <div
        class="rounded-lg border border-slate-700 bg-slate-800 p-6"
      >
        <h2
          class="mb-4 text-xl font-semibold text-white"
        >
          Topics
        </h2>
        <div
          class="flex flex-wrap gap-2"
        >
          <span
            class="rounded-full bg-slate-700 px-3 py-1 text-sm text-slate-300 hover:bg-slate-600 transition-colors cursor-pointer"
          >
            react
          </span>
          <span
            class="rounded-full bg-slate-700 px-3 py-1 text-sm text-slate-300 hover:bg-slate-600 transition-colors cursor-pointer"
          >
            ui-components
          </span>
          <span
            class="rounded-full bg-slate-700 px-3 py-1 text-sm text-slate-300 hover:bg-slate-600 transition-colors cursor-pointer"
          >
            typescript
          </span>
        </div>
      </div>
      <div
        class="rounded-lg border border-slate-700 bg-slate-800 p-6"
      >
        <div
          class="flex flex-col gap-3 sm:flex-row"
        >
          <a
            class="inline-block flex-1 rounded-lg bg-blue-600 px-6 py-3 text-center font-semibold text-white transition-colors hover:bg-blue-700"
            href="https://github.com/example/react-awesome-ui"
            rel="noopener noreferrer"
            target="_blank"
          >
            View on GitHub
          </a>
          <button
            class="inline-block flex-1 rounded-lg bg-slate-700 px-6 py-3 text-center font-semibold text-white transition-colors hover:bg-slate-600"
          >
            Add to Favorites
          </button>
        </div>
      </div>
    </div>
  </main>
</div>
`;
